// Jest Snapshot v1, https://goo.gl/fbAQLP

exports[`patch 1`] = `
{
  "created": 1529539200,
  "id": "123456",
  "k1": "k111",
  "updated": 1529539200,
}
`;
